// Vitest Snapshot v1, https://vitest.dev/guide/snapshot.html

exports[`measure size for fn example 1`] = `
[
  "It is now {currentTime, time} on {currentTime, date}",
  [
    "It is now ",
    [
      "currentTime",
      4,
      "time",
    ],
    " on ",
    [
      "currentTime",
      4,
      "date",
    ],
  ],
  "
   size (icu message): 54b
   size (json):        71b
   overhead:           +31%
",
]
`;

exports[`measure size for integer example 1`] = `
[
  "The integer value of {amount} is {amount, number, integer}",
  [
    "The integer value of ",
    [
      "amount",
    ],
    " is ",
    [
      "amount",
      4,
      "numberFmt",
      "integer",
    ],
  ],
  "
   size (icu message): 60b
   size (json):        78b
   overhead:           +30%
",
]
`;

exports[`measure size for interpolatedStrings example 1`] = `
[
  "Hello, my name is [0] and I am [1] years old.",
  [
    "Hello, my name is ",
    [
      0,
    ],
    " and I am ",
    [
      1,
    ],
    " years old.",
  ],
  "
   size (icu message): 47b
   size (json):        57b
   overhead:           +21%
",
]
`;

exports[`measure size for money example 1`] = `
[
  "Buy now to save {amount, number, currency:GBP}",
  [
    "Buy now to save ",
    [
      "amount",
      4,
      "numberFmt",
      "currency:GBP",
    ],
  ],
  "
   size (icu message): 48b
   size (json):        60b
   overhead:           +25%
",
]
`;

exports[`measure size for number example 1`] = `
[
  "I have {numCats, number} cats.",
  [
    "I have ",
    [
      "numCats",
      4,
      "number",
    ],
    " cats.",
  ],
  "
   size (icu message): 32b
   size (json):        43b
   overhead:           +34%
",
]
`;

exports[`measure size for percentage example 1`] = `
[
  "You reached {value, number, %} of your goal!",
  [
    "You reached ",
    [
      "value",
      4,
      "numberFmt",
      "percent",
    ],
    " of your goal!",
  ],
  "
   size (icu message): 46b
   size (json):        67b
   overhead:           +46%
",
]
`;

exports[`measure size for plural example 1`] = `
[
  "{count, plural, one {# image} other {# images} }",
  [
    [
      "count",
      2,
      {
        "one": [
          0,
          " image",
        ],
        "other": [
          0,
          " images",
        ],
      },
    ],
  ],
  "
   size (icu message): 50b
   size (json):        56b
   overhead:           +12%
",
]
`;

exports[`measure size for select example 1`] = `
[
  "Hello, Your friend {friend} is now online. {gender, select, female {She} male {He} other {They}} added a new image to the system.",
  [
    "Hello, Your friend ",
    [
      "friend",
    ],
    " is now online. ",
    [
      "gender",
      1,
      {
        "female": [
          "She",
        ],
        "male": [
          "He",
        ],
        "other": [
          "They",
        ],
      },
    ],
    " added a new image to the system.",
  ],
  "
   size (icu message): 131b
   size (json):        152b
   overhead:           +16%
",
]
`;

exports[`measure size for selectNumeric example 1`] = `
[
  "She has {children, plural, =0 {no children} =1 {1 child} other {# children}} and lives in {city}.",
  [
    "She has ",
    [
      "children",
      2,
      {
        "0": [
          "no children",
        ],
        "1": [
          "1 child",
        ],
        "other": [
          0,
          " children",
        ],
      },
    ],
    " and lives in ",
    [
      "city",
    ],
    ".",
  ],
  "
   size (icu message): 99b
   size (json):        119b
   overhead:           +20%
",
]
`;

exports[`measure size for selectordinal example 1`] = `
[
  "You finished {place, selectordinal, one {#st} two {#nd} few {#rd} other {#th}}!",
  [
    "You finished ",
    [
      "place",
      3,
      {
        "few": [
          0,
          "rd",
        ],
        "one": [
          0,
          "st",
        ],
        "other": [
          0,
          "th",
        ],
        "two": [
          0,
          "nd",
        ],
      },
    ],
    "!",
  ],
  "
   size (icu message): 81b
   size (json):        97b
   overhead:           +20%
",
]
`;

exports[`measure size for tags example 1`] = `
[
  "Wow formatJs allows <b>{dynamic} tags</b>",
  [
    "Wow formatJs allows ",
    [
      "b",
      5,
      [
        "dynamic",
      ],
      " tags",
    ],
  ],
  "
   size (icu message): 43b
   size (json):        52b
   overhead:           +21%
",
]
`;

exports[`measure size for text example 1`] = `
[
  "Hello",
  "Hello",
  "
   size (icu message): 7b
   size (json):        7b
   overhead:           0%
",
]
`;

exports[`measure size for time example 1`] = `
[
  "Sale begins {start, time, short} at {start, date, short}",
  [
    "Sale begins ",
    [
      "start",
      4,
      "time",
      "short",
    ],
    " at ",
    [
      "start",
      4,
      "date",
      "short",
    ],
  ],
  "
   size (icu message): 58b
   size (json):        77b
   overhead:           +33%
",
]
`;

exports[`measure size for variable example 1`] = `
[
  "{name} has just entered the chat",
  [
    [
      "name",
    ],
    " has just entered the chat",
  ],
  "
   size (icu message): 34b
   size (json):        39b
   overhead:           +15%
",
]
`;
